[super-admin.avidtemplates.com/index.html]
[backblue.gif]
[fade.gif]
[index.html]
[super-admin.avidtemplates.com/accordion.e71eb4c8.css]
[super-admin.avidtemplates.com/favicon.8a54c4b8.ico]
[super-admin.avidtemplates.com/index-2.html]
[super-admin.avidtemplates.com/england.812d27b0.svg]
[super-admin.avidtemplates.com/japan.8bfd21bb.svg]
[super-admin.avidtemplates.com/germany.80dbbb7c.svg]
[super-admin.avidtemplates.com/china.f97ab81c.svg]
[super-admin.avidtemplates.com/france.2558fda6.svg]
[super-admin.avidtemplates.com/1.e810f372.jpg]
[super-admin.avidtemplates.com/crm.html]
[super-admin.avidtemplates.com/analytics.html]
[super-admin.avidtemplates.com/e-commerce.html]
[super-admin.avidtemplates.com/email-marketing.html]
[super-admin.avidtemplates.com/user-profile.html]
[super-admin.avidtemplates.com/user-timeline.html]
[super-admin.avidtemplates.com/user-photos.html]
[super-admin.avidtemplates.com/user-connections.html]
[super-admin.avidtemplates.com/user-preferences.html]
[super-admin.avidtemplates.com/file-manager.html]
[super-admin.avidtemplates.com/contacts.html]
[super-admin.avidtemplates.com/mail.html]
[super-admin.avidtemplates.com/messages.html]
[super-admin.avidtemplates.com/photos.html]
[super-admin.avidtemplates.com/todo-lists.html]
[super-admin.avidtemplates.com/calendar.html]
[super-admin.avidtemplates.com/invoice.html]
[super-admin.avidtemplates.com/pricing-table.html]
[super-admin.avidtemplates.com/search-results.html]
[super-admin.avidtemplates.com/faq.html]
[super-admin.avidtemplates.com/team.html]
[super-admin.avidtemplates.com/login.html]
[super-admin.avidtemplates.com/register.html]
[super-admin.avidtemplates.com/forgot-password.html]
[super-admin.avidtemplates.com/coming-soon.html]
[super-admin.avidtemplates.com/error.html]
[super-admin.avidtemplates.com/typography.html]
[super-admin.avidtemplates.com/figures.html]
[super-admin.avidtemplates.com/images.html]
[super-admin.avidtemplates.com/tables.html]
[super-admin.avidtemplates.com/icons.html]
[super-admin.avidtemplates.com/accordion.html]
[super-admin.avidtemplates.com/alerts.html]
[super-admin.avidtemplates.com/badge.html]
[super-admin.avidtemplates.com/breadcrumb.html]
[super-admin.avidtemplates.com/buttons.html]
[super-admin.avidtemplates.com/button-groups.html]
[super-admin.avidtemplates.com/card.html]
[super-admin.avidtemplates.com/carousel.html]
[super-admin.avidtemplates.com/collapse.html]
[super-admin.avidtemplates.com/dropdown.html]
[super-admin.avidtemplates.com/listgroup.html]
[super-admin.avidtemplates.com/modal.html]
[super-admin.avidtemplates.com/nav.html]
[super-admin.avidtemplates.com/offcanvas.html]
[super-admin.avidtemplates.com/pagination.html]
[super-admin.avidtemplates.com/placeholders.html]
[super-admin.avidtemplates.com/popovers.html]
[super-admin.avidtemplates.com/progress.html]
[super-admin.avidtemplates.com/spinners.html]
[super-admin.avidtemplates.com/toasts.html]
[super-admin.avidtemplates.com/tooltips.html]
[super-admin.avidtemplates.com/data-tables.html]
[super-admin.avidtemplates.com/form-elements.html]
[super-admin.avidtemplates.com/input-groups.html]
[super-admin.avidtemplates.com/form-layouts.html]
[super-admin.avidtemplates.com/form-templates.html]
[super-admin.avidtemplates.com/form-validation.html]
[super-admin.avidtemplates.com/form-components.html]
[super-admin.avidtemplates.com/charts.html]
[super-admin.avidtemplates.com/maps.html]
[super-admin.avidtemplates.com/index.0354f579.js]
[super-admin.avidtemplates.com/index.3ec882e8.js]
[super-admin.avidtemplates.com/vendor.39feb43f.js]
[super-admin.avidtemplates.com/index.html]
[super-admin.avidtemplates.com/vendor.a63cbedb.js]
[super-admin.avidtemplates.com/1.d1c22062.jpg]
[super-admin.avidtemplates.com/2.c59b7c56.jpg]
[super-admin.avidtemplates.com/3.e41aa4f9.jpg]
[super-admin.avidtemplates.com/4.368c39ac.jpg]
[super-admin.avidtemplates.com/5.a142bcad.jpg]
[super-admin.avidtemplates.com/6.898434bc.jpg]
[super-admin.avidtemplates.com/7.0ab6cd92.jpg]
[super-admin.avidtemplates.com/8.3942d6a7.jpg]
[super-admin.avidtemplates.com/Phosphor-Light.8bb4c186.woff2]
[super-admin.avidtemplates.com/Phosphor-Light.1987e5a1.woff]
[super-admin.avidtemplates.com/Phosphor-Light.8f7d7aa6.ttf]
[super-admin.avidtemplates.com/Phosphor-Light.76876e90.svg]
[super-admin.avidtemplates.com/Phosphor.e43c76ed.woff2]
[super-admin.avidtemplates.com/Phosphor.70e7aa5d.woff]
[super-admin.avidtemplates.com/Phosphor.9c0ac683.ttf]
[super-admin.avidtemplates.com/accordion.e71eb4c8.css]
[super-admin.avidtemplates.com/index-2.html]
[super-admin.avidtemplates.com/england.812d27b0.svg]
[super-admin.avidtemplates.com/japan.8bfd21bb.svg]
[super-admin.avidtemplates.com/germany.80dbbb7c.svg]
[super-admin.avidtemplates.com/china.f97ab81c.svg]
[super-admin.avidtemplates.com/france.2558fda6.svg]
[super-admin.avidtemplates.com/crm.html]
[super-admin.avidtemplates.com/analytics.html]
[super-admin.avidtemplates.com/e-commerce.html]
[super-admin.avidtemplates.com/email-marketing.html]
[super-admin.avidtemplates.com/Phosphor.0609bbfe.svg]
[super-admin.avidtemplates.com/cover.d7fbd183.jpg]
[super-admin.avidtemplates.com/user-profile.html]
[super-admin.avidtemplates.com/2.81431c15.jpg]
[super-admin.avidtemplates.com/3.3b3fac21.jpg]
[super-admin.avidtemplates.com/9.7c7cf3f4.jpg]
[super-admin.avidtemplates.com/4.febde36a.jpg]
[super-admin.avidtemplates.com/5.3b339843.jpg]
[super-admin.avidtemplates.com/6.52e405b0.jpg]
[super-admin.avidtemplates.com/7.137f64ba.jpg]
[super-admin.avidtemplates.com/user-timeline.html]
[super-admin.avidtemplates.com/user-photos.html]
[super-admin.avidtemplates.com/user-connections.html]
[super-admin.avidtemplates.com/user-preferences.html]
[super-admin.avidtemplates.com/file-manager.html]
[super-admin.avidtemplates.com/contacts.html]
[super-admin.avidtemplates.com/14.ba0b3482.jpg]
[super-admin.avidtemplates.com/mail.html]
[super-admin.avidtemplates.com/messages.html]
[super-admin.avidtemplates.com/photos.html]
[super-admin.avidtemplates.com/coming-soon.e93b75fc.svg]
[super-admin.avidtemplates.com/todo-lists.html]
[super-admin.avidtemplates.com/calendar.html]
[super-admin.avidtemplates.com/invoice.html]
[super-admin.avidtemplates.com/pricing-table.html]
[super-admin.avidtemplates.com/search-results.html]
[super-admin.avidtemplates.com/faq.html]
[super-admin.avidtemplates.com/team.html]
[super-admin.avidtemplates.com/login.html]
[super-admin.avidtemplates.com/register.html]
[super-admin.avidtemplates.com/forgot-password.html]
[super-admin.avidtemplates.com/coming-soon.html]
[super-admin.avidtemplates.com/error.html]
[super-admin.avidtemplates.com/typography.html]
[super-admin.avidtemplates.com/1.5fa825b8.jpg]
[super-admin.avidtemplates.com/2.351fcca6.jpg]
[super-admin.avidtemplates.com/figures.html]
[super-admin.avidtemplates.com/fluid.319c345d.svg]
[super-admin.avidtemplates.com/thumbnail.0b288a13.svg]
[super-admin.avidtemplates.com/images.html]
[super-admin.avidtemplates.com/tables.html]
[super-admin.avidtemplates.com/icons.html]
[super-admin.avidtemplates.com/accordion.html]
[super-admin.avidtemplates.com/alerts.html]
[super-admin.avidtemplates.com/badge.html]
[super-admin.avidtemplates.com/breadcrumb.html]
[super-admin.avidtemplates.com/buttons.html]
[super-admin.avidtemplates.com/button-groups.html]
[super-admin.avidtemplates.com/4.eb916d16.jpg]
[super-admin.avidtemplates.com/6.05012ab2.jpg]
[super-admin.avidtemplates.com/card.html]
[super-admin.avidtemplates.com/7.b0816b06.jpg]
[super-admin.avidtemplates.com/carousel.html]
[super-admin.avidtemplates.com/collapse.html]
[super-admin.avidtemplates.com/dropdown.html]
[super-admin.avidtemplates.com/listgroup.html]
[super-admin.avidtemplates.com/modal.html]
[super-admin.avidtemplates.com/nav.html]
[super-admin.avidtemplates.com/offcanvas.html]
[super-admin.avidtemplates.com/pagination.html]
[super-admin.avidtemplates.com/placeholders.html]
[super-admin.avidtemplates.com/popovers.html]
[super-admin.avidtemplates.com/progress.html]
[super-admin.avidtemplates.com/spinners.html]
[super-admin.avidtemplates.com/toasts.html]
[super-admin.avidtemplates.com/tooltips.html]
[super-admin.avidtemplates.com/data-tables.html]
[super-admin.avidtemplates.com/form-elements.html]
[super-admin.avidtemplates.com/input-groups.html]
[super-admin.avidtemplates.com/form-layouts.html]
[super-admin.avidtemplates.com/form-templates.html]
[super-admin.avidtemplates.com/form-validation.html]
[super-admin.avidtemplates.com/form-components.html]
[super-admin.avidtemplates.com/charts.html]
[super-admin.avidtemplates.com/maps.html]
[super-admin.avidtemplates.com/Phosphor-Light.76876e90.svg]
[super-admin.avidtemplates.com/Phosphor.0609bbfe.svg]
[super-admin.avidtemplates.com/coming-soon.e93b75fc.svg]
[super-admin.avidtemplates.com/fluid.319c345d.svg]
[super-admin.avidtemplates.com/thumbnail.0b288a13.svg]
